// Jest Snapshot v1, https://goo.gl/fbAQLP

exports[`renders a message 1`] = `
<div>
  <ul>
    <li>
      <a
        href="/"
      >
        Home
      </a>
    </li>
    <li>
      <a
        href="/about"
      >
        About Us
      </a>
    </li>
    <li>
      <a
        href="/contact"
      >
        Contact Us
      </a>
    </li>
  </ul>
  <div>
    welcomeText
  </div>
</div>
`;
